Microchip MPLAB XC8 Compiler V1.41 ()

Linker command line:

-W-3 --edf=C:\Program Files (x86)\Microchip\xc8\v1.41\dat\en_msgs.txt -cs \
  -h+dist/default/debug\picMotores.X.debug.sym \
  --cmf=dist/default/debug\picMotores.X.debug.cmf -z -Q16F887 \
  -oC:\Users\Yosemite\AppData\Local\Temp\s3uk.2 \
  -Mdist/default/debug/picMotores.X.debug.map -E1 -ver=XC8 \
  -ASTACK=0110h-016fh -pstack=STACK -ACODE=00h-07FFhx4 -ASTRCODE=00h-01FFFh \
  -ASTRING=00h-0FFhx32 -ACONST=00h-0FFhx32 -AENTRY=00h-0FFhx32 \
  -ACOMMON=070h-07Fh -ABANK0=020h-06Fh -ABANK1=0A0h-0EFh \
  -ABANK2=0110h-016Fh -ABANK3=0190h-01EFh \
  -ARAM=020h-06Fh,0A0h-0EFh,0110h-016Fh,0190h-01EFh \
  -AABS1=020h-07Fh,0A0h-0EFh,0110h-016Fh,0190h-01EFh -ASFR0=00h-01Fh \
  -ASFR1=080h-09Fh -ASFR2=0100h-010Fh -ASFR3=0180h-018Fh \
  -preset_vec=00h,intentry=04h,init,end_init -ppowerup=CODE -pcinit=CODE \
  -pfunctab=CODE -ACONFIG=02007h-02008h -pconfig=CONFIG -DCONFIG=2 \
  -AIDLOC=02000h-02003h -pidloc=IDLOC -DIDLOC=2 -AEEDATA=00h-0FFh/02100h \
  -peeprom_data=EEDATA -DEEDATA=2 -DCODE=2 -DSTRCODE=2 -DSTRING=2 -DCONST=2 \
  -DENTRY=2 -k C:\Users\Yosemite\AppData\Local\Temp\s3uk.obj \
  dist/default/debug\picMotores.X.debug.obj 

Object code version is 3.11

Machine type is 16F887



                Name                               Link     Load   Length Selector   Space Scale
C:\Users\Yosemite\AppData\Local\Temp\s3uk.obj
                end_init                             12       12        3        8       0
                reset_vec                             0        0        3        0       0
                config                             2007     2007        2     400E       0
dist/default/debug\picMotores.X.debug.obj
                cinit                                15       15       14        8       0
                intentry                              4        4        E        8       0
                text7                               201      201       19        8       0
                text6                               21A      21A       14        8       0
                text5                               1B6      1B6       28        8       0
                text4                               175      175       41        8       0
                text3                               1DE      1DE       23        8       0
                text2                               12F      12F       46        8       0
                text1                                E7       E7       48        8       0
                maintext                             29       29       BE        8       0
                cstackBANK0                          20       20        A       20       1
                cstackCOMMON                         70       70        5       70       1
                dataBANK0                            2C       2C        1       20       1
                bssBANK0                             2A       2A        2       20       1
                dataCOMMON                           79       79        1       70       1
                bssCOMMON                            75       75        4       70       1
                idataBANK0                          22F      22F        1        8       0
                idataCOMMON                         22E      22E        1        8       0

TOTAL           Name                               Link     Load   Length     Space
        CLASS   STACK          

        CLASS   CODE           
                end_init                             12       12        3         0
                cinit                                15       15       14         0
                intentry                              4        4        E         0
                reset_vec                             0        0        3         0
                text7                               201      201       19         0
                text6                               21A      21A       14         0
                text5                               1B6      1B6       28         0
                text4                               175      175       41         0
                text3                               1DE      1DE       23         0
                text2                               12F      12F       46         0
                text1                                E7       E7       48         0
                maintext                             29       29       BE         0
                idataBANK0                          22F      22F        1         0
                idataCOMMON                         22E      22E        1         0

        CLASS   STRCODE        

        CLASS   STRING         

        CLASS   CONST          

        CLASS   ENTRY          

        CLASS   COMMON         
                cstackCOMMON                         70       70        5         1
                dataCOMMON                           79       79        1         1
                bssCOMMON                            75       75        4         1

        CLASS   BANK0          
                cstackBANK0                          20       20        A         1
                dataBANK0                            2C       2C        1         1
                bssBANK0                             2A       2A        2         1

        CLASS   BANK1          

        CLASS   BANK2          

        CLASS   BANK3          

        CLASS   RAM            

        CLASS   ABS1           
                abs_s1                               7E       7E        2         1

        CLASS   SFR0           

        CLASS   SFR1           

        CLASS   SFR2           

        CLASS   SFR3           

        CLASS   CONFIG         
                config                             2007     2007        2         0

        CLASS   IDLOC          

        CLASS   EEDATA         



SEGMENTS        Name                           Load    Length   Top    Selector   Space  Class     Delta

                reset_vec                      000000  000003  000003         0       0  CODE        2
                intentry                       000004  00022C  000230         8       0  CODE        2
                cstackBANK0                    000020  00000D  00002D        20       1  BANK0       1
                cstackCOMMON                   000070  00000A  00007A        70       1  COMMON      1
                config                         002007  000002  002009      400E       0  CONFIG      2


UNUSED ADDRESS RANGES

        Name                Unused          Largest block    Delta
        BANK0            002D-006F             43           1
        BANK1            00A0-00EF             50           1
        BANK2            0110-016F             60           1
        BANK3            0190-01EF             60           1
        CODE             0003-0003              1           2
                         0230-1FFF            800
        COMMON           007A-007D              4           1
        CONST            0003-0003              1           2
                         0230-1FFF            100
        EEDATA           2100-21FF            100           2
        ENTRY            0003-0003              1           2
                         0230-1FFF            100
        IDLOC            2000-2003              4           2
        RAM              002D-006F             43           1
                         00A0-00EF             50
                         0110-016F             60
                         0190-01EF             60
        SFR0             0000-001F             20           1
        SFR1             0080-009F             20           1
        SFR2             0100-010F             10           1
        SFR3             0180-018F             10           1
        STACK            0110-016F             60           1
        STRCODE          0003-0003              1           2
                         0230-1FFF           1DD0
        STRING           0003-0003              1           2
                         0230-1FFF            100

                                  Symbol Table

_ADC                          bssBANK0     002B
_ADCON0                       (abs)        001F
_ADCON0bits                   (abs)        001F
_ADCON1                       (abs)        009F
_ADRESH                       (abs)        001E
_ADRESL                       (abs)        009E
_ANSEL                        (abs)        0188
_ANSELH                       (abs)        0189
_ANSELbits                    (abs)        0188
_CCP1CON                      (abs)        0017
_CCP1CONbits                  (abs)        0017
_CCP2CON                      (abs)        001D
_CCP2CONbits                  (abs)        001D
_CCPR1L                       (abs)        0015
_CCPR2L                       (abs)        001B
_INTCONbits                   (abs)        000B
_ISR                          text7        0201
_OSCCON                       (abs)        008F
_PIE1bits                     (abs)        008C
_PIR1bits                     (abs)        000C
_PORTA                        (abs)        0005
_PORTB                        (abs)        0006
_PORTCbits                    (abs)        0007
_PORTD                        (abs)        0008
_PR2                          (abs)        0092
_SSPBUF                       (abs)        0013
_SSPCON                       (abs)        0014
_SSPSTAT                      (abs)        0094
_SSPSTATbits                  (abs)        0094
_T2CON                        (abs)        0012
_TRISA                        (abs)        0085
_TRISB                        (abs)        0086
_TRISC                        (abs)        0087
_TRISD                        (abs)        0088
__CFG_BOR4V$BOR40V            (abs)        0000
__CFG_BOREN$OFF               (abs)        0000
__CFG_CP$OFF                  (abs)        0000
__CFG_CPD$OFF                 (abs)        0000
__CFG_FCMEN$OFF               (abs)        0000
__CFG_FOSC$INTRC_NOCLKOUT     (abs)        0000
__CFG_IESO$OFF                (abs)        0000
__CFG_LVP$OFF                 (abs)        0000
__CFG_MCLRE$ON                (abs)        0000
__CFG_PWRTE$OFF               (abs)        0000
__CFG_WDTE$OFF                (abs)        0000
__CFG_WRT$OFF                 (abs)        0000
__Habs1                       abs1         0000
__Hbank0                      bank0        0000
__Hbank1                      bank1        0000
__Hbank2                      bank2        0000
__Hbank3                      bank3        0000
__HbssBANK0                   bssBANK0     0000
__HbssCOMMON                  bssCOMMON    0000
__Hcinit                      cinit        0029
__Hclrtext                    clrtext      0000
__Hcode                       code         0000
__Hcommon                     common       0000
__Hconfig                     config       2009
__HcstackBANK0                cstackBANK0  0000
__HcstackCOMMON               cstackCOMMON 0000
__HdataBANK0                  dataBANK0    0000
__HdataCOMMON                 dataCOMMON   0000
__Heeprom_data                eeprom_data  0000
__Hend_init                   end_init     0015
__Hfunctab                    functab      0000
__HidataBANK0                 idataBANK0   0000
__HidataCOMMON                idataCOMMON  0000
__Hidloc                      idloc        0000
__Hinit                       init         0012
__Hintentry                   intentry     0012
__Hmaintext                   maintext     0000
__Hpowerup                    powerup      0000
__Hram                        ram          0000
__Hreset_vec                  reset_vec    0003
__Hsfr0                       sfr0         0000
__Hsfr1                       sfr1         0000
__Hsfr2                       sfr2         0000
__Hsfr3                       sfr3         0000
__Hspace_0                    (abs)        2009
__Hspace_1                    (abs)        007A
__Hspace_2                    (abs)        0000
__Hspace_3                    (abs)        0000
__Hstack                      stack        0000
__Hstrings                    strings      0000
__Htext                       text         0000
__Labs1                       abs1         0000
__Lbank0                      bank0        0000
__Lbank1                      bank1        0000
__Lbank2                      bank2        0000
__Lbank3                      bank3        0000
__LbssBANK0                   bssBANK0     0000
__LbssCOMMON                  bssCOMMON    0000
__Lcinit                      cinit        0015
__Lclrtext                    clrtext      0000
__Lcode                       code         0000
__Lcommon                     common       0000
__Lconfig                     config       2007
__LcstackBANK0                cstackBANK0  0000
__LcstackCOMMON               cstackCOMMON 0000
__LdataBANK0                  dataBANK0    0000
__LdataCOMMON                 dataCOMMON   0000
__Leeprom_data                eeprom_data  0000
__Lend_init                   end_init     0012
__Lfunctab                    functab      0000
__LidataBANK0                 idataBANK0   0000
__LidataCOMMON                idataCOMMON  0000
__Lidloc                      idloc        0000
__Linit                       init         0012
__Lintentry                   intentry     0004
__Lmaintext                   maintext     0000
__Lpowerup                    powerup      0000
__Lram                        ram          0000
__Lreset_vec                  reset_vec    0000
__Lsfr0                       sfr0         0000
__Lsfr1                       sfr1         0000
__Lsfr2                       sfr2         0000
__Lsfr3                       sfr3         0000
__Lspace_0                    (abs)        0000
__Lspace_1                    (abs)        0000
__Lspace_2                    (abs)        0000
__Lspace_3                    (abs)        0000
__Lstack                      stack        0000
__Lstrings                    strings      0000
__Ltext                       text         0000
__S0                          (abs)        2009
__S1                          (abs)        007A
__S2                          (abs)        0000
__S3                          (abs)        0000
___int_sp                     stack        0000
___latbits                    (abs)        0002
___sp                         stack        0000
__end_of_ISR                  text7        021A
__end_of__initialization      cinit        0025
__end_of_calibracion_presion  text6        022E
__end_of_main                 maintext     00E7
__end_of_medicion_presion     text5        01DE
__end_of_move_pwmDC           text4        01B6
__end_of_move_servo           text2        0175
__end_of_servo                text3        0201
__end_of_stepper              text1        012F
__initialization              cinit        0015
__pbssBANK0                   bssBANK0     002A
__pbssCOMMON                  bssCOMMON    0075
__pcstackBANK0                cstackBANK0  0020
__pcstackCOMMON               cstackCOMMON 0070
__pdataBANK0                  dataBANK0    002C
__pdataCOMMON                 dataCOMMON   0079
__pidataBANK0                 idataBANK0   022F
__pidataCOMMON                idataCOMMON  022E
__pintentry                   intentry     0004
__pmaintext                   maintext     0029
__ptext1                      text1        00E7
__ptext2                      text2        012F
__ptext3                      text3        01DE
__ptext4                      text4        0175
__ptext5                      text5        01B6
__ptext6                      text6        021A
__ptext7                      text7        0201
__size_of_ISR                 (abs)        0000
__size_of_calibracion_presion (abs)        0000
__size_of_main                (abs)        0000
__size_of_medicion_presion    (abs)        0000
__size_of_move_pwmDC          (abs)        0000
__size_of_move_servo          (abs)        0000
__size_of_servo               (abs)        0000
__size_of_stepper             (abs)        0000
_accion                       bssCOMMON    0076
_calibracion_presion          text6        021A
_giro                         bssCOMMON    0077
_main                         maintext     0029
_medicion_presion             text5        01B6
_move_pwmDC                   text4        0175
_move_servo                   text2        012F
_pos                          dataCOMMON   0079
_presion                      bssCOMMON    0075
_presion_zero                 bssBANK0     002A
_servo                        text3        01DE
_stepper                      text1        00E7
_vel                          dataBANK0    002C
btemp                         (abs)        007E
calibracion_presion@numero    cstackBANK0  0021
end_of_initialization         cinit        0025
interrupt_function            intentry     0004
intlevel0                     functab      0000
intlevel1                     functab      0000
intlevel2                     functab      0000
intlevel3                     functab      0000
intlevel4                     functab      0000
intlevel5                     functab      0000
medicion_presion@numero       cstackBANK0  0023
medicion_presion@objeto       cstackBANK0  0024
reset_vec                     reset_vec    0000
saved_w                       (abs)        007E
stackhi                       (abs)        0000
stacklo                       (abs)        0000
start                         init         0012
start_initialization          cinit        0015
stepper@i                     cstackBANK0  0022
wtemp0                        (abs)        007E


FUNCTION INFORMATION:

 *************** function _main *****************
 Defined at:
		line 150 in file "picMotores.c"
 Parameters:    Size  Location     Type
		None
 Auto vars:     Size  Location     Type
		None
 Return value:  Size  Location     Type
                  1    wreg      void 
 Registers used:
		wreg, status,2, status,0, pclath, cstack
 Tracked objects:
		On entry : 
		On exit  : 
		Unchanged: 
 Data sizes:     COMMON   BANK0   BANK1   BANK3   BANK2
      Params:         0       0       0       0       0
      Locals:         0       0       0       0       0
      Temps:          0       3       0       0       0
      Totals:         0       3       0       0       0
Total ram usage:        3 bytes
 Hardware stack levels required when called:    3
 This function calls:
		_calibracion_presion
		_medicion_presion
		_move_pwmDC
		_move_servo
		_servo
		_stepper
 This function is called by:
		Startup code after reset
 This function uses a non-reentrant model


 *************** function _stepper *****************
 Defined at:
		line 59 in file "picMotores.c"
 Parameters:    Size  Location     Type
		None
 Auto vars:     Size  Location     Type
  i               1    2[BANK0 ] unsigned char 
 Return value:  Size  Location     Type
                  1    wreg      void 
 Registers used:
		wreg, status,2, status,0
 Tracked objects:
		On entry : 
		On exit  : 
		Unchanged: 
 Data sizes:     COMMON   BANK0   BANK1   BANK3   BANK2
      Params:         0       0       0       0       0
      Locals:         0       1       0       0       0
      Temps:          0       2       0       0       0
      Totals:         0       3       0       0       0
Total ram usage:        3 bytes
 Hardware stack levels used:    1
 Hardware stack levels required when called:    1
 This function calls:
		Nothing
 This function is called by:
		_main
 This function uses a non-reentrant model


 *************** function _move_servo *****************
 Defined at:
		line 116 in file "picMotores.c"
 Parameters:    Size  Location     Type
		None
 Auto vars:     Size  Location     Type
		None
 Return value:  Size  Location     Type
                  1    wreg      void 
 Registers used:
		wreg, status,2, status,0, pclath, cstack
 Tracked objects:
		On entry : 
		On exit  : 
		Unchanged: 
 Data sizes:     COMMON   BANK0   BANK1   BANK3   BANK2
      Params:         0       0       0       0       0
      Locals:         0       0       0       0       0
      Temps:          0       2       0       0       0
      Totals:         0       2       0       0       0
Total ram usage:        2 bytes
 Hardware stack levels used:    1
 Hardware stack levels required when called:    2
 This function calls:
		_servo
 This function is called by:
		_main
 This function uses a non-reentrant model


 *************** function _servo *****************
 Defined at:
		line 109 in file "picMotores.c"
 Parameters:    Size  Location     Type
		None
 Auto vars:     Size  Location     Type
		None
 Return value:  Size  Location     Type
                  1    wreg      void 
 Registers used:
		wreg, status,2, status,0
 Tracked objects:
		On entry : 
		On exit  : 
		Unchanged: 
 Data sizes:     COMMON   BANK0   BANK1   BANK3   BANK2
      Params:         0       0       0       0       0
      Locals:         0       0       0       0       0
      Temps:          0       2       0       0       0
      Totals:         0       2       0       0       0
Total ram usage:        2 bytes
 Hardware stack levels used:    1
 Hardware stack levels required when called:    1
 This function calls:
		Nothing
 This function is called by:
		_move_servo
		_main
 This function uses a non-reentrant model


 *************** function _move_pwmDC *****************
 Defined at:
		line 96 in file "picMotores.c"
 Parameters:    Size  Location     Type
		None
 Auto vars:     Size  Location     Type
		None
 Return value:  Size  Location     Type
                  1    wreg      void 
 Registers used:
		wreg, status,2, status,0, pclath, cstack
 Tracked objects:
		On entry : 
		On exit  : 
		Unchanged: 
 Data sizes:     COMMON   BANK0   BANK1   BANK3   BANK2
      Params:         0       0       0       0       0
      Locals:         0       0       0       0       0
      Temps:          0       2       0       0       0
      Totals:         0       2       0       0       0
Total ram usage:        2 bytes
 Hardware stack levels used:    1
 Hardware stack levels required when called:    2
 This function calls:
		_calibracion_presion
		_medicion_presion
 This function is called by:
		_main
 This function uses a non-reentrant model


 *************** function _medicion_presion *****************
 Defined at:
		line 31 in file "picMotores.c"
 Parameters:    Size  Location     Type
		None
 Auto vars:     Size  Location     Type
  objeto          1    4[BANK0 ] unsigned char 
  numero          1    3[BANK0 ] unsigned char 
 Return value:  Size  Location     Type
                  1    wreg      unsigned char 
 Registers used:
		wreg, status,2
 Tracked objects:
		On entry : 
		On exit  : 
		Unchanged: 
 Data sizes:     COMMON   BANK0   BANK1   BANK3   BANK2
      Params:         0       0       0       0       0
      Locals:         0       2       0       0       0
      Temps:          0       3       0       0       0
      Totals:         0       5       0       0       0
Total ram usage:        5 bytes
 Hardware stack levels used:    1
 Hardware stack levels required when called:    1
 This function calls:
		Nothing
 This function is called by:
		_move_pwmDC
		_main
 This function uses a non-reentrant model


 *************** function _calibracion_presion *****************
 Defined at:
		line 46 in file "picMotores.c"
 Parameters:    Size  Location     Type
		None
 Auto vars:     Size  Location     Type
  numero          1    1[BANK0 ] unsigned char 
 Return value:  Size  Location     Type
                  1    wreg      void 
 Registers used:
		wreg, status,2
 Tracked objects:
		On entry : 
		On exit  : 
		Unchanged: 
 Data sizes:     COMMON   BANK0   BANK1   BANK3   BANK2
      Params:         0       0       0       0       0
      Locals:         0       1       0       0       0
      Temps:          0       1       0       0       0
      Totals:         0       2       0       0       0
Total ram usage:        2 bytes
 Hardware stack levels used:    1
 Hardware stack levels required when called:    1
 This function calls:
		Nothing
 This function is called by:
		_move_pwmDC
		_main
 This function uses a non-reentrant model


 *************** function _ISR *****************
 Defined at:
		line 139 in file "picMotores.c"
 Parameters:    Size  Location     Type
		None
 Auto vars:     Size  Location     Type
		None
 Return value:  Size  Location     Type
                  1    wreg      void 
 Registers used:
		wreg
 Tracked objects:
		On entry : 
		On exit  : 
		Unchanged: 
 Data sizes:     COMMON   BANK0   BANK1   BANK3   BANK2
      Params:         0       0       0       0       0
      Locals:         0       0       0       0       0
      Temps:          5       0       0       0       0
      Totals:         5       0       0       0       0
Total ram usage:        5 bytes
 Hardware stack levels used:    1
 This function calls:
		Nothing
 This function is called by:
		Interrupt level 1
 This function uses a non-reentrant model



MODULE INFORMATION

Module		Function		Class		Link	Load	Size
picMotores.c
		_calibracion_presion		CODE           	021A	0000	21
		_move_pwmDC    		CODE           	0175	0000	66
		_ISR           		CODE           	0201	0000	26
		_stepper       		CODE           	00E7	0000	73
		_main          		CODE           	0029	0000	191
		_medicion_presion		CODE           	01B6	0000	41
		_servo         		CODE           	01DE	0000	36
		_move_servo    		CODE           	012F	0000	71

picMotores.c estimated size: 525

shared
		__initialization		CODE           	0015	0000	17

shared estimated size: 17

