Microchip MPLAB XC8 Compiler V1.41 ()

Linker command line:

-W-3 --edf=C:\Program Files (x86)\Microchip\xc8\v1.41\dat\en_msgs.txt -cs \
  -h+dist/default/production\picMaestro.X.production.sym \
  --cmf=dist/default/production\picMaestro.X.production.cmf -z -Q16F887 \
  -oC:\Users\Julio\AppData\Local\Temp\s960.2 \
  -Mdist/default/production/picMaestro.X.production.map -E1 -ver=XC8 \
  -ASTACK=0110h-016fh -pstack=STACK -ACODE=00h-07FFhx4 -ASTRCODE=00h-01FFFh \
  -ASTRING=00h-0FFhx32 -ACONST=00h-0FFhx32 -AENTRY=00h-0FFhx32 \
  -ACOMMON=070h-07Fh -ABANK0=020h-06Fh -ABANK1=0A0h-0EFh \
  -ABANK2=0110h-016Fh -ABANK3=0190h-01EFh \
  -ARAM=020h-06Fh,0A0h-0EFh,0110h-016Fh,0190h-01EFh \
  -AABS1=020h-07Fh,0A0h-0EFh,0110h-016Fh,0190h-01EFh -ASFR0=00h-01Fh \
  -ASFR1=080h-09Fh -ASFR2=0100h-010Fh -ASFR3=0180h-018Fh \
  -preset_vec=00h,intentry=04h,init,end_init -ppowerup=CODE -pcinit=CODE \
  -pfunctab=CODE -ACONFIG=02007h-02008h -pconfig=CONFIG -DCONFIG=2 \
  -AIDLOC=02000h-02003h -pidloc=IDLOC -DIDLOC=2 -AEEDATA=00h-0FFh/02100h \
  -peeprom_data=EEDATA -DEEDATA=2 -DCODE=2 -DSTRCODE=2 -DSTRING=2 -DCONST=2 \
  -DENTRY=2 -k C:\Users\Julio\AppData\Local\Temp\s960.obj \
  dist/default/production\picMaestro.X.production.obj 

Object code version is 3.11

Machine type is 16F887



                Name                               Link     Load   Length Selector   Space Scale
C:\Users\Julio\AppData\Local\Temp\s960.obj
                end_init                             12       12        3        8       0
                reset_vec                             0        0        3        0       0
                config                             2007     2007        2     400E       0
dist/default/production\picMaestro.X.production.obj
                cinit                                15       15        B        8       0
                intentry                              4        4        E        8       0
                text10                              3BC      3BC       A0        8       0
                text9                               673      673       19      9E4       0
                text8                               55D      55D       4E      9E4       0
                text7                               309      309       B3        8       0
                text6                               61D      61D       2C      9E4       0
                text5                               649      649       2A      9E4       0
                text4                               5AB      5AB       3E      9E4       0
                text3                               5E9      5E9       34      9E4       0
                text2                               233      233       D6        8       0
                text1                                20       20      213        8       0
                maintext                            4F2      4F2       6B      9E4       0
                cstackBANK0                          20       20       35       20       1
                cstackCOMMON                         70       70        7       70       1
                bssBANK0                             55       55        6       20       1
                bssCOMMON                            77       77        1       70       1
                strings                             45C      45C       96      8B8       0

TOTAL           Name                               Link     Load   Length     Space
        CLASS   STACK          

        CLASS   CODE           
                end_init                             12       12        3         0
                cinit                                15       15        B         0
                intentry                              4        4        E         0
                reset_vec                             0        0        3         0
                text10                              3BC      3BC       A0         0
                text9                               673      673       19         0
                text8                               55D      55D       4E         0
                text7                               309      309       B3         0
                text6                               61D      61D       2C         0
                text5                               649      649       2A         0
                text4                               5AB      5AB       3E         0
                text3                               5E9      5E9       34         0
                text2                               233      233       D6         0
                text1                                20       20      213         0
                maintext                            4F2      4F2       6B         0

        CLASS   STRCODE        

        CLASS   STRING         
                strings                             45C      45C       96         0

        CLASS   CONST          

        CLASS   ENTRY          

        CLASS   COMMON         
                cstackCOMMON                         70       70        7         1
                bssCOMMON                            77       77        1         1

        CLASS   BANK0          
                cstackBANK0                          20       20       35         1
                bssBANK0                             55       55        6         1

        CLASS   BANK1          

        CLASS   BANK2          

        CLASS   BANK3          

        CLASS   RAM            

        CLASS   ABS1           
                abs_s1                               7E       7E        2         1

        CLASS   SFR0           

        CLASS   SFR1           

        CLASS   SFR2           

        CLASS   SFR3           

        CLASS   CONFIG         
                config                             2007     2007        2         0

        CLASS   IDLOC          

        CLASS   EEDATA         



SEGMENTS        Name                           Load    Length   Top    Selector   Space  Class     Delta

                reset_vec                      000000  000003  000003         0       0  CODE        2
                intentry                       000004  000458  00045C         8       0  CODE        2
                cstackBANK0                    000020  00003B  00005B        20       1  BANK0       1
                cstackCOMMON                   000070  000008  000078        70       1  COMMON      1
                strings                        00045C  000096  0004F2       8B8       0  STRING      2
                maintext                       0004F2  00019A  00068C       9E4       0  CODE        2
                config                         002007  000002  002009      400E       0  CONFIG      2


UNUSED ADDRESS RANGES

        Name                Unused          Largest block    Delta
        BANK0            005B-006F             15           1
        BANK1            00A0-00EF             50           1
        BANK2            0110-016F             60           1
        BANK3            0190-01EF             60           1
        CODE             0003-0003              1           2
                         068C-1FFF            800
        COMMON           0078-007D              6           1
        CONST            0003-0003              1           2
                         068C-1FFF            100
        EEDATA           2100-21FF            100           2
        ENTRY            0003-0003              1           2
                         068C-1FFF            100
        IDLOC            2000-2003              4           2
        RAM              005B-006F             15           1
                         00A0-00EF             50
                         0110-016F             60
                         0190-01EF             60
        SFR0             0000-001F             20           1
        SFR1             0080-009F             20           1
        SFR2             0100-010F             10           1
        SFR3             0180-018F             10           1
        STACK            0110-016F             60           1
        STRCODE          0003-0003              1           2
                         068C-1FFF           1974
        STRING           0003-0003              1           2
                         068C-1FFF            100

                                  Symbol Table

?___lwdiv                      cstackBANK0  0020
?___lwmod                      cstackBANK0  0027
?_sprintf                      cstackBANK0  002D
LCD_W@c                        cstackBANK0  0025
LCD_W@h                        cstackBANK0  0024
LCD_W@l                        cstackBANK0  0023
LCD_WM@c                       cstackBANK0  0026
LCD_WM@i                       cstackBANK0  0029
LCD_t8@com                     cstackBANK0  0029
LCD_t8@h                       cstackBANK0  0027
LCD_t8@i                       cstackBANK0  0021
LCD_t8@l                       cstackBANK0  0026
LCD_t8@rs                      cstackBANK0  0028
LCD_t@c                        cstackBANK0  0020
_ADC                           bssCOMMON    0077
_ADCON0bits                    (abs)        001F
_ADRESH                        (abs)        001E
_ANSEL                         (abs)        0188
_ANSELH                        (abs)        0189
_INTCONbits                    (abs)        000B
_IOCB                          (abs)        0096
_ISR                           text10       03BC
_LCD_W                         text6        061D
_LCD_WM                        text5        0649
_LCD_init                      text7        0309
_LCD_t                         text9        0673
_LCD_t8                        text8        055D
_OPTION_REGbits                (abs)        0081
_OSCCON                        (abs)        008F
_PIE1bits                      (abs)        008C
_PIR1bits                      (abs)        000C
_PORTA                         (abs)        0005
_PORTAbits                     (abs)        0005
_PORTBbits                     (abs)        0006
_PORTD                         (abs)        0008
_PORTE                         (abs)        0009
_PR2                           (abs)        0092
_SSPBUF                        (abs)        0013
_SSPCON                        (abs)        0014
_SSPSTAT                       (abs)        0094
_T2CON                         (abs)        0012
_TRISA                         (abs)        0085
_TRISB                         (abs)        0086
_TRISC                         (abs)        0087
_TRISD                         (abs)        0088
_TRISE                         (abs)        0089
_WPUB                          (abs)        0095
__CFG_BOR4V$BOR40V             (abs)        0000
__CFG_BOREN$OFF                (abs)        0000
__CFG_CP$OFF                   (abs)        0000
__CFG_CPD$OFF                  (abs)        0000
__CFG_FCMEN$OFF                (abs)        0000
__CFG_FOSC$INTRC_NOCLKOUT      (abs)        0000
__CFG_IESO$OFF                 (abs)        0000
__CFG_LVP$OFF                  (abs)        0000
__CFG_MCLRE$ON                 (abs)        0000
__CFG_PWRTE$OFF                (abs)        0000
__CFG_WDTE$OFF                 (abs)        0000
__CFG_WRT$OFF                  (abs)        0000
__Habs1                        abs1         0000
__Hbank0                       bank0        0000
__Hbank1                       bank1        0000
__Hbank2                       bank2        0000
__Hbank3                       bank3        0000
__HbssBANK0                    bssBANK0     0000
__HbssCOMMON                   bssCOMMON    0000
__Hcinit                       cinit        0020
__Hclrtext                     clrtext      0000
__Hcode                        code         0000
__Hcommon                      common       0000
__Hconfig                      config       2009
__HcstackBANK0                 cstackBANK0  0000
__HcstackCOMMON                cstackCOMMON 0000
__Heeprom_data                 eeprom_data  0000
__Hend_init                    end_init     0015
__Hfunctab                     functab      0000
__Hidloc                       idloc        0000
__Hinit                        init         0012
__Hintentry                    intentry     0012
__Hmaintext                    maintext     0000
__Hpowerup                     powerup      0000
__Hram                         ram          0000
__Hreset_vec                   reset_vec    0003
__Hsfr0                        sfr0         0000
__Hsfr1                        sfr1         0000
__Hsfr2                        sfr2         0000
__Hsfr3                        sfr3         0000
__Hspace_0                     (abs)        2009
__Hspace_1                     (abs)        0078
__Hspace_2                     (abs)        0000
__Hspace_3                     (abs)        0000
__Hstack                       stack        0000
__Hstrings                     strings      0000
__Htext                        text         0000
__Labs1                        abs1         0000
__Lbank0                       bank0        0000
__Lbank1                       bank1        0000
__Lbank2                       bank2        0000
__Lbank3                       bank3        0000
__LbssBANK0                    bssBANK0     0000
__LbssCOMMON                   bssCOMMON    0000
__Lcinit                       cinit        0015
__Lclrtext                     clrtext      0000
__Lcode                        code         0000
__Lcommon                      common       0000
__Lconfig                      config       2007
__LcstackBANK0                 cstackBANK0  0000
__LcstackCOMMON                cstackCOMMON 0000
__Leeprom_data                 eeprom_data  0000
__Lend_init                    end_init     0012
__Lfunctab                     functab      0000
__Lidloc                       idloc        0000
__Linit                        init         0012
__Lintentry                    intentry     0004
__Lmaintext                    maintext     0000
__Lpowerup                     powerup      0000
__Lram                         ram          0000
__Lreset_vec                   reset_vec    0000
__Lsfr0                        sfr0         0000
__Lsfr1                        sfr1         0000
__Lsfr2                        sfr2         0000
__Lsfr3                        sfr3         0000
__Lspace_0                     (abs)        0000
__Lspace_1                     (abs)        0000
__Lspace_2                     (abs)        0000
__Lspace_3                     (abs)        0000
__Lstack                       stack        0000
__Lstrings                     strings      0000
__Ltext                        text         0000
__S0                           (abs)        2009
__S1                           (abs)        0078
__S2                           (abs)        0000
__S3                           (abs)        0000
___int_sp                      stack        0000
___latbits                     (abs)        0002
___lwdiv                       text4        05AB
___lwdiv@counter               cstackBANK0  0026
___lwdiv@dividend              cstackBANK0  0022
___lwdiv@divisor               cstackBANK0  0020
___lwdiv@quotient              cstackBANK0  0024
___lwmod                       text3        05E9
___lwmod@counter               cstackBANK0  002C
___lwmod@dividend              cstackBANK0  0029
___lwmod@divisor               cstackBANK0  0027
___sp                          stack        0000
__end_of_ISR                   text10       045C
__end_of_LCD_W                 text6        0649
__end_of_LCD_WM                text5        0673
__end_of_LCD_init              text7        03BC
__end_of_LCD_t                 text9        068C
__end_of_LCD_t8                text8        05AB
__end_of___lwdiv               text4        05E9
__end_of___lwmod               text3        061D
__end_of__initialization       cinit        001C
__end_of__stringtab            strings      046C
__end_of_check_mensajes        text1        0233
__end_of_dpowers               strings      0476
__end_of_main                  maintext     055D
__end_of_sprintf               text2        0309
__initialization               cinit        0015
__pbssBANK0                    bssBANK0     0055
__pbssCOMMON                   bssCOMMON    0077
__pcstackBANK0                 cstackBANK0  0020
__pcstackCOMMON                cstackCOMMON 0070
__pintentry                    intentry     0004
__pmaintext                    maintext     04F2
__pstrings                     strings      045C
__ptext1                       text1        0020
__ptext10                      text10       03BC
__ptext2                       text2        0233
__ptext3                       text3        05E9
__ptext4                       text4        05AB
__ptext5                       text5        0649
__ptext6                       text6        061D
__ptext7                       text7        0309
__ptext8                       text8        055D
__ptext9                       text9        0673
__size_of_ISR                  (abs)        0000
__size_of_LCD_W                (abs)        0000
__size_of_LCD_WM               (abs)        0000
__size_of_LCD_init             (abs)        0000
__size_of_LCD_t                (abs)        0000
__size_of_LCD_t8               (abs)        0000
__size_of___lwdiv              (abs)        0000
__size_of___lwmod              (abs)        0000
__size_of_check_mensajes       (abs)        0000
__size_of_main                 (abs)        0000
__size_of_sprintf              (abs)        0000
__stringbase                   strings      046B
__stringtab                    strings      045C
_check_mensajes                text1        0020
_cont                          bssBANK0     0057
_dinero                        bssBANK0     0055
_dpowers                       strings      046C
_main                          maintext     04F2
_n_mensaje                     bssBANK0     005A
_sprintf                       text2        0233
_temperatura                   bssBANK0     0059
btemp                          (abs)        007E
check_mensajes@i               cstackBANK0  0053
check_mensajes@str_dinero      cstackBANK0  0043
check_mensajes@str_dinero2     cstackBANK0  004B
check_mensajes@str_temperatura cstackBANK0  003D
end_of_initialization          cinit        001C
interrupt_function             intentry     0004
intlevel0                      functab      0000
intlevel1                      functab      0000
intlevel2                      functab      0000
intlevel3                      functab      0000
intlevel4                      functab      0000
intlevel5                      functab      0000
main@dato                      cstackBANK0  0054
reset_vec                      reset_vec    0000
saved_w                        (abs)        007E
sprintf@ap                     cstackBANK0  0033
sprintf@c                      cstackBANK0  0039
sprintf@f                      cstackBANK0  002D
sprintf@flag                   cstackBANK0  0034
sprintf@prec                   cstackBANK0  0035
sprintf@sp                     cstackBANK0  0038
sprintf@val                    cstackBANK0  0036
stackhi                        (abs)        0000
stacklo                        (abs)        0000
start                          init         0012
start_initialization           cinit        0015
wtemp0                         (abs)        007E


FUNCTION INFORMATION:

 *************** function _main *****************
 Defined at:
		line 262 in file "picMaestro.c"
 Parameters:    Size  Location     Type
		None
 Auto vars:     Size  Location     Type
  dato            1   52[BANK0 ] unsigned char 
 Return value:  Size  Location     Type
                  1    wreg      void 
 Registers used:
		wreg, fsr0l, fsr0h, status,2, status,0, btemp+1, pclath, cstack
 Tracked objects:
		On entry : 
		On exit  : 
		Unchanged: 
 Data sizes:     COMMON   BANK0   BANK1   BANK3   BANK2
      Params:         0       0       0       0       0
      Locals:         0       1       0       0       0
      Temps:          0       0       0       0       0
      Totals:         0       1       0       0       0
Total ram usage:        1 bytes
 Hardware stack levels required when called:    5
 This function calls:
		_LCD_WM
		_LCD_init
		_LCD_t8
		_check_mensajes
 This function is called by:
		Startup code after reset
 This function uses a non-reentrant model


 *************** function _check_mensajes *****************
 Defined at:
		line 123 in file "picMaestro.c"
 Parameters:    Size  Location     Type
		None
 Auto vars:     Size  Location     Type
  str_dinero2     8   43[BANK0 ] unsigned char [8]
  str_dinero      8   35[BANK0 ] unsigned char [8]
  i               1   51[BANK0 ] unsigned char 
  str_temperat    6   29[BANK0 ] unsigned char [6]
 Return value:  Size  Location     Type
                  1    wreg      void 
 Registers used:
		wreg, fsr0l, fsr0h, status,2, status,0, btemp+1, pclath, cstack
 Tracked objects:
		On entry : 
		On exit  : 
		Unchanged: 
 Data sizes:     COMMON   BANK0   BANK1   BANK3   BANK2
      Params:         0       0       0       0       0
      Locals:         0      23       0       0       0
      Temps:          0       3       0       0       0
      Totals:         0      26       0       0       0
Total ram usage:       26 bytes
 Hardware stack levels used:    1
 Hardware stack levels required when called:    4
 This function calls:
		_LCD_W
		_LCD_WM
		_LCD_t8
		_sprintf
 This function is called by:
		_main
 This function uses a non-reentrant model


 *************** function _sprintf *****************
 Defined at:
		line 492 in file "C:\Program Files (x86)\Microchip\xc8\v1.41\sources\common\doprnt.c"
 Parameters:    Size  Location     Type
  sp              1    wreg     PTR unsigned char 
		 -> check_mensajes@str_dinero2(8), check_mensajes@str_dinero(8), check_mensajes@str_temperatura(6), 
  f               1   13[BANK0 ] PTR const unsigned char 
		 -> STR_9(3), STR_8(3), STR_5(3), 
 Auto vars:     Size  Location     Type
  sp              1   24[BANK0 ] PTR unsigned char 
		 -> check_mensajes@str_dinero2(8), check_mensajes@str_dinero(8), check_mensajes@str_temperatura(6), 
  tmpval          4    0        struct .
  val             2   22[BANK0 ] unsigned int 
  cp              2    0        PTR const unsigned char 
  len             2    0        unsigned int 
  c               1   25[BANK0 ] char 
  prec            1   21[BANK0 ] char 
  flag            1   20[BANK0 ] unsigned char 
  ap              1   19[BANK0 ] PTR void [1]
		 -> ?_sprintf(2), 
 Return value:  Size  Location     Type
                  2   13[BANK0 ] int 
 Registers used:
		wreg, fsr0l, fsr0h, status,2, status,0, btemp+1, pclath, cstack
 Tracked objects:
		On entry : 
		On exit  : 
		Unchanged: 
 Data sizes:     COMMON   BANK0   BANK1   BANK3   BANK2
      Params:         0       3       0       0       0
      Locals:         0       7       0       0       0
      Temps:          0       3       0       0       0
      Totals:         0      13       0       0       0
Total ram usage:       13 bytes
 Hardware stack levels used:    1
 Hardware stack levels required when called:    2
 This function calls:
		___lwdiv
		___lwmod
 This function is called by:
		_check_mensajes
 This function uses a non-reentrant model


 *************** function ___lwmod *****************
 Defined at:
		line 6 in file "C:\Program Files (x86)\Microchip\xc8\v1.41\sources\common\lwmod.c"
 Parameters:    Size  Location     Type
  divisor         2    7[BANK0 ] unsigned int 
  dividend        2    9[BANK0 ] unsigned int 
 Auto vars:     Size  Location     Type
  counter         1   12[BANK0 ] unsigned char 
 Return value:  Size  Location     Type
                  2    7[BANK0 ] unsigned int 
 Registers used:
		wreg, status,2, status,0
 Tracked objects:
		On entry : 
		On exit  : 
		Unchanged: 
 Data sizes:     COMMON   BANK0   BANK1   BANK3   BANK2
      Params:         0       4       0       0       0
      Locals:         0       1       0       0       0
      Temps:          0       1       0       0       0
      Totals:         0       6       0       0       0
Total ram usage:        6 bytes
 Hardware stack levels used:    1
 Hardware stack levels required when called:    1
 This function calls:
		Nothing
 This function is called by:
		_sprintf
 This function uses a non-reentrant model


 *************** function ___lwdiv *****************
 Defined at:
		line 6 in file "C:\Program Files (x86)\Microchip\xc8\v1.41\sources\common\lwdiv.c"
 Parameters:    Size  Location     Type
  divisor         2    0[BANK0 ] unsigned int 
  dividend        2    2[BANK0 ] unsigned int 
 Auto vars:     Size  Location     Type
  quotient        2    4[BANK0 ] unsigned int 
  counter         1    6[BANK0 ] unsigned char 
 Return value:  Size  Location     Type
                  2    0[BANK0 ] unsigned int 
 Registers used:
		wreg, status,2, status,0
 Tracked objects:
		On entry : 
		On exit  : 
		Unchanged: 
 Data sizes:     COMMON   BANK0   BANK1   BANK3   BANK2
      Params:         0       4       0       0       0
      Locals:         0       3       0       0       0
      Temps:          1       0       0       0       0
      Totals:         1       7       0       0       0
Total ram usage:        8 bytes
 Hardware stack levels used:    1
 Hardware stack levels required when called:    1
 This function calls:
		Nothing
 This function is called by:
		_sprintf
 This function uses a non-reentrant model


 *************** function _LCD_WM *****************
 Defined at:
		line 78 in file "picMaestro.c"
 Parameters:    Size  Location     Type
  c               2    6[BANK0 ] PTR unsigned char 
		 -> STR_15(7), STR_14(14), STR_13(8), STR_12(10), 
		 -> STR_11(8), STR_10(17), check_mensajes@str_dinero2(8), STR_7(5), 
		 -> STR_6(8), check_mensajes@str_temperatura(6), STR_4(5), STR_3(13), 
		 -> STR_2(15), STR_1(16), 
 Auto vars:     Size  Location     Type
  i               1    9[BANK0 ] unsigned char 
 Return value:  Size  Location     Type
                  1    wreg      void 
 Registers used:
		wreg, fsr0l, fsr0h, status,2, status,0, btemp+1, pclath, cstack
 Tracked objects:
		On entry : 
		On exit  : 
		Unchanged: 
 Data sizes:     COMMON   BANK0   BANK1   BANK3   BANK2
      Params:         0       2       0       0       0
      Locals:         0       1       0       0       0
      Temps:          0       1       0       0       0
      Totals:         0       4       0       0       0
Total ram usage:        4 bytes
 Hardware stack levels used:    1
 Hardware stack levels required when called:    3
 This function calls:
		_LCD_W
 This function is called by:
		_check_mensajes
		_main
 This function uses a non-reentrant model


 *************** function _LCD_W *****************
 Defined at:
		line 64 in file "picMaestro.c"
 Parameters:    Size  Location     Type
  c               1    wreg     unsigned char 
 Auto vars:     Size  Location     Type
  c               1    5[BANK0 ] unsigned char 
  h               1    4[BANK0 ] unsigned char 
  l               1    3[BANK0 ] unsigned char 
 Return value:  Size  Location     Type
                  1    wreg      void 
 Registers used:
		wreg, status,2, status,0, pclath, cstack
 Tracked objects:
		On entry : 
		On exit  : 
		Unchanged: 
 Data sizes:     COMMON   BANK0   BANK1   BANK3   BANK2
      Params:         0       0       0       0       0
      Locals:         0       3       0       0       0
      Temps:          0       2       0       0       0
      Totals:         0       5       0       0       0
Total ram usage:        5 bytes
 Hardware stack levels used:    1
 Hardware stack levels required when called:    2
 This function calls:
		_LCD_t
 This function is called by:
		_LCD_WM
		_check_mensajes
 This function uses a non-reentrant model


 *************** function _LCD_init *****************
 Defined at:
		line 88 in file "picMaestro.c"
 Parameters:    Size  Location     Type
		None
 Auto vars:     Size  Location     Type
		None
 Return value:  Size  Location     Type
                  1    wreg      void 
 Registers used:
		wreg, status,2, status,0, btemp+1, pclath, cstack
 Tracked objects:
		On entry : 
		On exit  : 
		Unchanged: 
 Data sizes:     COMMON   BANK0   BANK1   BANK3   BANK2
      Params:         0       0       0       0       0
      Locals:         0       0       0       0       0
      Temps:          0       2       0       0       0
      Totals:         0       2       0       0       0
Total ram usage:        2 bytes
 Hardware stack levels used:    1
 Hardware stack levels required when called:    3
 This function calls:
		_LCD_t
		_LCD_t8
 This function is called by:
		_main
 This function uses a non-reentrant model


 *************** function _LCD_t8 *****************
 Defined at:
		line 48 in file "picMaestro.c"
 Parameters:    Size  Location     Type
  i               2    1[BANK0 ] int 
 Auto vars:     Size  Location     Type
  com             1    9[BANK0 ] unsigned char 
  rs              1    8[BANK0 ] unsigned char 
  h               1    7[BANK0 ] unsigned char 
  l               1    6[BANK0 ] unsigned char 
 Return value:  Size  Location     Type
                  1    wreg      void 
 Registers used:
		wreg, status,2, status,0, btemp+1, pclath, cstack
 Tracked objects:
		On entry : 
		On exit  : 
		Unchanged: 
 Data sizes:     COMMON   BANK0   BANK1   BANK3   BANK2
      Params:         0       2       0       0       0
      Locals:         0       4       0       0       0
      Temps:          0       3       0       0       0
      Totals:         0       9       0       0       0
Total ram usage:        9 bytes
 Hardware stack levels used:    1
 Hardware stack levels required when called:    2
 This function calls:
		_LCD_t
 This function is called by:
		_LCD_init
		_check_mensajes
		_main
 This function uses a non-reentrant model


 *************** function _LCD_t *****************
 Defined at:
		line 36 in file "picMaestro.c"
 Parameters:    Size  Location     Type
  c               1    wreg     unsigned char 
 Auto vars:     Size  Location     Type
  c               1    0[BANK0 ] unsigned char 
 Return value:  Size  Location     Type
                  1    wreg      void 
 Registers used:
		wreg, status,2
 Tracked objects:
		On entry : 
		On exit  : 
		Unchanged: 
 Data sizes:     COMMON   BANK0   BANK1   BANK3   BANK2
      Params:         0       0       0       0       0
      Locals:         0       1       0       0       0
      Temps:          1       0       0       0       0
      Totals:         1       1       0       0       0
Total ram usage:        2 bytes
 Hardware stack levels used:    1
 Hardware stack levels required when called:    1
 This function calls:
		Nothing
 This function is called by:
		_LCD_t8
		_LCD_W
		_LCD_init
 This function uses a non-reentrant model


 *************** function _ISR *****************
 Defined at:
		line 212 in file "picMaestro.c"
 Parameters:    Size  Location     Type
		None
 Auto vars:     Size  Location     Type
		None
 Return value:  Size  Location     Type
                  1    wreg      void 
 Registers used:
		wreg, status,2, status,0, btemp+1
 Tracked objects:
		On entry : 
		On exit  : 
		Unchanged: 
 Data sizes:     COMMON   BANK0   BANK1   BANK3   BANK2
      Params:         0       0       0       0       0
      Locals:         0       0       0       0       0
      Temps:          6       0       0       0       0
      Totals:         6       0       0       0       0
Total ram usage:        6 bytes
 Hardware stack levels used:    1
 This function calls:
		Nothing
 This function is called by:
		Interrupt level 1
 This function uses a non-reentrant model



MODULE INFORMATION

Module		Function		Class		Link	Load	Size
C:\Program Files (x86)\Microchip\xc8\v1.41\sources\common\lwdiv.c
		___lwdiv       		CODE           	05AB	0000	63

C:\Program Files (x86)\Microchip\xc8\v1.41\sources\common\lwdiv.c estimated size: 63

C:\Program Files (x86)\Microchip\xc8\v1.41\sources\common\doprnt.c
		_sprintf       		CODE           	0233	0000	215

C:\Program Files (x86)\Microchip\xc8\v1.41\sources\common\doprnt.c estimated size: 215

shared
		__stringtab    		STRING         	045C	0000	17
		_dpowers       		STRING         	046C	0000	11
		__initialization		CODE           	0015	0000	8

shared estimated size: 36

C:\Program Files (x86)\Microchip\xc8\v1.41\sources\common\lwmod.c
		___lwmod       		CODE           	05E9	0000	53

C:\Program Files (x86)\Microchip\xc8\v1.41\sources\common\lwmod.c estimated size: 53

picMaestro.c
		_ISR           		CODE           	03BC	0000	161
		_main          		CODE           	04F2	0000	108
		_LCD_t         		CODE           	0673	0000	26
		_LCD_W         		CODE           	061D	0000	45
		_LCD_init      		CODE           	0309	0000	180
		_check_mensajes		CODE           	0020	0000	532
		_LCD_t8        		CODE           	055D	0000	79
		_LCD_WM        		CODE           	0649	0000	43

picMaestro.c estimated size: 1174

