Microchip MPLAB XC8 Compiler V1.41 ()

Linker command line:

-W-3 --edf=C:\Program Files (x86)\Microchip\xc8\v1.41\dat\en_msgs.txt -cs \
  -h+dist/default/production\picMaestro.X.production.sym \
  --cmf=dist/default/production\picMaestro.X.production.cmf -z -Q16F887 \
  -oC:\Users\Julio\AppData\Local\Temp\s7ks.2 \
  -Mdist/default/production/picMaestro.X.production.map -E1 -ver=XC8 \
  -ASTACK=0110h-016fh -pstack=STACK -ACODE=00h-07FFhx4 -ASTRCODE=00h-01FFFh \
  -ASTRING=00h-0FFhx32 -ACONST=00h-0FFhx32 -AENTRY=00h-0FFhx32 \
  -ACOMMON=070h-07Fh -ABANK0=020h-06Fh -ABANK1=0A0h-0EFh \
  -ABANK2=0110h-016Fh -ABANK3=0190h-01EFh \
  -ARAM=020h-06Fh,0A0h-0EFh,0110h-016Fh,0190h-01EFh \
  -AABS1=020h-07Fh,0A0h-0EFh,0110h-016Fh,0190h-01EFh -ASFR0=00h-01Fh \
  -ASFR1=080h-09Fh -ASFR2=0100h-010Fh -ASFR3=0180h-018Fh \
  -preset_vec=00h,intentry=04h,init,end_init -ppowerup=CODE -pcinit=CODE \
  -pfunctab=CODE -ACONFIG=02007h-02008h -pconfig=CONFIG -DCONFIG=2 \
  -AIDLOC=02000h-02003h -pidloc=IDLOC -DIDLOC=2 -AEEDATA=00h-0FFh/02100h \
  -peeprom_data=EEDATA -DEEDATA=2 -DCODE=2 -DSTRCODE=2 -DSTRING=2 -DCONST=2 \
  -DENTRY=2 -k C:\Users\Julio\AppData\Local\Temp\s7ks.obj \
  dist/default/production\picMaestro.X.production.obj 

Object code version is 3.11

Machine type is 16F887



                Name                               Link     Load   Length Selector   Space Scale
C:\Users\Julio\AppData\Local\Temp\s7ks.obj
                end_init                             12       12        3        8       0
                reset_vec                             0        0        3        0       0
                config                             2007     2007        2     400E       0
dist/default/production\picMaestro.X.production.obj
                cinit                                15       15       16        8       0
                intentry                              4        4        E        8       0
                text15                              7E6      7E6        A      DF6       0
                text14                              DD8      DD8       37     1BB0       0
                text13                              6FB      6FB       EB      DF6       0
                text12                              D2C      D2C       22     1A58       0
                text11                              E4D      E4D       4E     1C9A       0
                text10                              538      538       B3        8       0
                text9                               D0B      D0B       21     1A16       0
                text8                               D78      D78       2C     1AF0       0
                text7                               D4E      D4E       2A     1A9C       0
                text6                               E0F      E0F       3E     1C1E       0
                text5                               DA4      DA4       34     1B48       0
                text4                               F2A      F2A       D6     1E54       0
                text3                                2B       2B      409        8       0
                text2                               CEF      CEF       1C     19DE       0
                text1                               434      434      104        8       0
                maintext                            E9B      E9B       8F     1D36       0
                cstackBANK0                          20       20       50       20       1
                cstackCOMMON                         70       70        8       70       1
                bssBANK1                             A0       A0        A       A0       1
                bssCOMMON                            78       78        6       70       1
                strings                             600      600       FB      C00       0

TOTAL           Name                               Link     Load   Length     Space
        CLASS   STACK          

        CLASS   CODE           
                end_init                             12       12        3         0
                cinit                                15       15       16         0
                intentry                              4        4        E         0
                reset_vec                             0        0        3         0
                text15                              7E6      7E6        A         0
                text14                              DD8      DD8       37         0
                text13                              6FB      6FB       EB         0
                text12                              D2C      D2C       22         0
                text11                              E4D      E4D       4E         0
                text10                              538      538       B3         0
                text9                               D0B      D0B       21         0
                text8                               D78      D78       2C         0
                text7                               D4E      D4E       2A         0
                text6                               E0F      E0F       3E         0
                text5                               DA4      DA4       34         0
                text4                               F2A      F2A       D6         0
                text3                                2B       2B      409         0
                text2                               CEF      CEF       1C         0
                text1                               434      434      104         0
                maintext                            E9B      E9B       8F         0

        CLASS   STRCODE        

        CLASS   STRING         
                strings                             600      600       FB         0

        CLASS   CONST          

        CLASS   ENTRY          

        CLASS   COMMON         
                cstackCOMMON                         70       70        8         1
                bssCOMMON                            78       78        6         1

        CLASS   BANK0          
                cstackBANK0                          20       20       50         1

        CLASS   BANK1          
                bssBANK1                             A0       A0        A         1

        CLASS   BANK2          

        CLASS   BANK3          

        CLASS   RAM            

        CLASS   ABS1           
                abs_s1                               7E       7E        2         1

        CLASS   SFR0           

        CLASS   SFR1           

        CLASS   SFR2           

        CLASS   SFR3           

        CLASS   CONFIG         
                config                             2007     2007        2         0

        CLASS   IDLOC          

        CLASS   EEDATA         



SEGMENTS        Name                           Load    Length   Top    Selector   Space  Class     Delta

                reset_vec                      000000  000003  000003         0       0  CODE        2
                intentry                       000004  0005E7  0005EB         8       0  CODE        2
                cstackBANK0                    000020  000050  000070        20       1  BANK0       1
                cstackCOMMON                   000070  00000E  00007E        70       1  COMMON      1
                bssBANK1                       0000A0  00000A  0000AA        A0       1  BANK1       1
                strings                        000600  0000FB  0006FB       C00       0  STRING      2
                text13                         0006FB  0000F5  0007F0       DF6       0  CODE        2
                text2                          000CEF  00001C  000D0B      19DE       0  CODE        2
                text9                          000D0B  000021  000D2C      1A16       0  CODE        2
                text12                         000D2C  000022  000D4E      1A58       0  CODE        2
                text7                          000D4E  00002A  000D78      1A9C       0  CODE        2
                text8                          000D78  00002C  000DA4      1AF0       0  CODE        2
                text5                          000DA4  000034  000DD8      1B48       0  CODE        2
                text14                         000DD8  000037  000E0F      1BB0       0  CODE        2
                text6                          000E0F  00003E  000E4D      1C1E       0  CODE        2
                text11                         000E4D  00004E  000E9B      1C9A       0  CODE        2
                maintext                       000E9B  00008F  000F2A      1D36       0  CODE        2
                text4                          000F2A  0000D6  001000      1E54       0  CODE        2
                config                         002007  000002  002009      400E       0  CONFIG      2


UNUSED ADDRESS RANGES

        Name                Unused          Largest block    Delta
        BANK1            00AA-00EF             46           1
        BANK2            0110-016F             60           1
        BANK3            0190-01EF             60           1
        CODE             0003-0003              1           2
                         05EB-05FF             15
                         07F0-0CEE             10
                         1000-1FFF            800
        CONST            0003-0003              1           2
                         05EB-05FF             15
                         07F0-0CEE            100
                         1000-1FFF            100
        EEDATA           2100-21FF            100           2
        ENTRY            0003-0003              1           2
                         05EB-05FF             15
                         07F0-0CEE            100
                         1000-1FFF            100
        IDLOC            2000-2003              4           2
        RAM              00AA-00EF             46           1
                         0110-016F             60
                         0190-01EF             60
        SFR0             0000-001F             20           1
        SFR1             0080-009F             20           1
        SFR2             0100-010F             10           1
        SFR3             0180-018F             10           1
        STACK            0110-016F             60           1
        STRCODE          0003-0003              1           2
                         05EB-05FF             15
                         07F0-0CEE            4FF
                         1000-1FFF           1000
        STRING           0003-0003              1           2
                         05EB-05FF             15
                         07F0-0CEE            100
                         1000-1FFF            100

                                  Symbol Table

?___lwdiv                      cstackBANK0  0020
?___lwmod                      cstackBANK0  0028
?_sprintf                      cstackBANK0  002E
LCD_W@c                        cstackBANK0  0026
LCD_W@h                        cstackBANK0  0025
LCD_W@l                        cstackBANK0  0024
LCD_WM@c                       cstackBANK0  0027
LCD_WM@i                       cstackBANK0  002A
LCD_t8@com                     cstackBANK0  002A
LCD_t8@h                       cstackBANK0  0028
LCD_t8@i                       cstackBANK0  0022
LCD_t8@l                       cstackBANK0  0027
LCD_t8@rs                      cstackBANK0  0029
LCD_t@c                        cstackBANK0  0021
_ANSEL                         (abs)        0188
_ANSELH                        (abs)        0189
_BAUDCTLbits                   (abs)        0187
_INTCONbits                    (abs)        000B
_IOCB                          (abs)        0096
_IRcontrol                     text9        0D0B
_ISR                           text13       06FB
_LCD_W                         text8        0D78
_LCD_WM                        text7        0D4E
_LCD_init                      text10       0538
_LCD_t                         text12       0D2C
_LCD_t8                        text11       0E4D
_OPTION_REGbits                (abs)        0081
_OSCCON                        (abs)        008F
_PIE1bits                      (abs)        008C
_PIR1bits                      (abs)        000C
_PORTA                         (abs)        0005
_PORTAbits                     (abs)        0005
_PORTBbits                     (abs)        0006
_PORTCbits                     (abs)        0007
_PORTD                         (abs)        0008
_PORTE                         (abs)        0009
_PR2                           (abs)        0092
_RCREG                         (abs)        001A
_RCSTAbits                     (abs)        0018
_SPBRG                         (abs)        0099
_SPBRGH                        (abs)        009A
_SSPBUF                        (abs)        0013
_SSPCON                        (abs)        0014
_SSPSTAT                       (abs)        0094
_T1CON                         (abs)        0010
_T1CONbits                     (abs)        0010
_T2CON                         (abs)        0012
_TMR1H                         (abs)        000F
_TMR1L                         (abs)        000E
_TRISA                         (abs)        0085
_TRISB                         (abs)        0086
_TRISC                         (abs)        0087
_TRISD                         (abs)        0088
_TRISE                         (abs)        0089
_TXREG                         (abs)        0019
_TXSTAbits                     (abs)        0098
_WPUB                          (abs)        0095
__CFG_BOR4V$BOR40V             (abs)        0000
__CFG_BOREN$OFF                (abs)        0000
__CFG_CP$OFF                   (abs)        0000
__CFG_CPD$OFF                  (abs)        0000
__CFG_FCMEN$OFF                (abs)        0000
__CFG_FOSC$INTRC_NOCLKOUT      (abs)        0000
__CFG_IESO$OFF                 (abs)        0000
__CFG_LVP$OFF                  (abs)        0000
__CFG_MCLRE$ON                 (abs)        0000
__CFG_PWRTE$OFF                (abs)        0000
__CFG_WDTE$OFF                 (abs)        0000
__CFG_WRT$OFF                  (abs)        0000
__Habs1                        abs1         0000
__Hbank0                       bank0        0000
__Hbank1                       bank1        0000
__Hbank2                       bank2        0000
__Hbank3                       bank3        0000
__HbssBANK1                    bssBANK1     0000
__HbssCOMMON                   bssCOMMON    0000
__Hcinit                       cinit        002B
__Hclrtext                     clrtext      0000
__Hcode                        code         0000
__Hcommon                      common       0000
__Hconfig                      config       2009
__HcstackBANK0                 cstackBANK0  0000
__HcstackCOMMON                cstackCOMMON 0000
__Heeprom_data                 eeprom_data  0000
__Hend_init                    end_init     0015
__Hfunctab                     functab      0000
__Hidloc                       idloc        0000
__Hinit                        init         0012
__Hintentry                    intentry     0012
__Hmaintext                    maintext     0000
__Hpowerup                     powerup      0000
__Hram                         ram          0000
__Hreset_vec                   reset_vec    0003
__Hsfr0                        sfr0         0000
__Hsfr1                        sfr1         0000
__Hsfr2                        sfr2         0000
__Hsfr3                        sfr3         0000
__Hspace_0                     (abs)        2009
__Hspace_1                     (abs)        00AA
__Hspace_2                     (abs)        0000
__Hspace_3                     (abs)        0000
__Hstack                       stack        0000
__Hstrings                     strings      0000
__Htext                        text         0000
__Labs1                        abs1         0000
__Lbank0                       bank0        0000
__Lbank1                       bank1        0000
__Lbank2                       bank2        0000
__Lbank3                       bank3        0000
__LbssBANK1                    bssBANK1     0000
__LbssCOMMON                   bssCOMMON    0000
__Lcinit                       cinit        0015
__Lclrtext                     clrtext      0000
__Lcode                        code         0000
__Lcommon                      common       0000
__Lconfig                      config       2007
__LcstackBANK0                 cstackBANK0  0000
__LcstackCOMMON                cstackCOMMON 0000
__Leeprom_data                 eeprom_data  0000
__Lend_init                    end_init     0012
__Lfunctab                     functab      0000
__Lidloc                       idloc        0000
__Linit                        init         0012
__Lintentry                    intentry     0004
__Lmaintext                    maintext     0000
__Lpowerup                     powerup      0000
__Lram                         ram          0000
__Lreset_vec                   reset_vec    0000
__Lsfr0                        sfr0         0000
__Lsfr1                        sfr1         0000
__Lsfr2                        sfr2         0000
__Lsfr3                        sfr3         0000
__Lspace_0                     (abs)        0000
__Lspace_1                     (abs)        0000
__Lspace_2                     (abs)        0000
__Lspace_3                     (abs)        0000
__Lstack                       stack        0000
__Lstrings                     strings      0000
__Ltext                        text         0000
__S0                           (abs)        2009
__S1                           (abs)        00AA
__S2                           (abs)        0000
__S3                           (abs)        0000
___int_sp                      stack        0000
___latbits                     (abs)        0002
___lwdiv                       text6        0E0F
___lwdiv@counter               cstackBANK0  0027
___lwdiv@dividend              cstackBANK0  0022
___lwdiv@divisor               cstackBANK0  0020
___lwdiv@quotient              cstackBANK0  0025
___lwmod                       text5        0DA4
___lwmod@counter               cstackBANK0  002D
___lwmod@dividend              cstackBANK0  002A
___lwmod@divisor               cstackBANK0  0028
___sp                          stack        0000
__end_of_IRcontrol             text9        0D2C
__end_of_ISR                   text13       07E6
__end_of_LCD_W                 text8        0DA4
__end_of_LCD_WM                text7        0D78
__end_of_LCD_init              text10       05EB
__end_of_LCD_t                 text12       0D4E
__end_of_LCD_t8                text11       0E9B
__end_of___lwdiv               text6        0E4D
__end_of___lwmod               text5        0DD8
__end_of__initialization       cinit        0027
__end_of__stringtab            strings      0610
__end_of_check_mensajes        text3        0434
__end_of_check_transmisiones   text1        0538
__end_of_dpowers               strings      061A
__end_of_e2accion3             text2        0D0B
__end_of_enviarDATA_USART      text14       0E0F
__end_of_enviarUSART           text15       07F0
__end_of_main                  maintext     0F2A
__end_of_sprintf               text4        1000
__initialization               cinit        0015
__pbssBANK1                    bssBANK1     00A0
__pbssCOMMON                   bssCOMMON    0078
__pcstackBANK0                 cstackBANK0  0020
__pcstackCOMMON                cstackCOMMON 0070
__pintentry                    intentry     0004
__pmaintext                    maintext     0E9B
__pstrings                     strings      0600
__ptext1                       text1        0434
__ptext10                      text10       0538
__ptext11                      text11       0E4D
__ptext12                      text12       0D2C
__ptext13                      text13       06FB
__ptext14                      text14       0DD8
__ptext15                      text15       07E6
__ptext2                       text2        0CEF
__ptext3                       text3        002B
__ptext4                       text4        0F2A
__ptext5                       text5        0DA4
__ptext6                       text6        0E0F
__ptext7                       text7        0D4E
__ptext8                       text8        0D78
__ptext9                       text9        0D0B
__size_of_IRcontrol            (abs)        0000
__size_of_ISR                  (abs)        0000
__size_of_LCD_W                (abs)        0000
__size_of_LCD_WM               (abs)        0000
__size_of_LCD_init             (abs)        0000
__size_of_LCD_t                (abs)        0000
__size_of_LCD_t8               (abs)        0000
__size_of___lwdiv              (abs)        0000
__size_of___lwmod              (abs)        0000
__size_of_check_mensajes       (abs)        0000
__size_of_check_transmisiones  (abs)        0000
__size_of_e2accion3            (abs)        0000
__size_of_enviarDATA_USART     (abs)        0000
__size_of_enviarUSART          (abs)        0000
__size_of_main                 (abs)        0000
__size_of_sprintf              (abs)        0000
__stringbase                   strings      060F
__stringtab                    strings      0600
_accionUSART                   bssCOMMON    007C
_check_mensajes                text3        002B
_check_transmisiones           text1        0434
_cont                          bssBANK1     00A4
_cont2                         bssBANK1     00A2
_dinero                        bssCOMMON    007A
_dineroT                       bssBANK1     00A0
_dpowers                       strings      0610
_e2accion3                     text2        0CEF
_enviarDATA_USART              text14       0DD8
_enviarUSART                   text15       07E6
_main                          maintext     0E9B
_n_mensaje                     bssCOMMON    007D
_noControl                     bssCOMMON    0078
_sprintf                       text4        0F2A
_tampicos                      bssBANK1     00A7
_temperatura                   bssBANK1     00A6
_tortrix                       bssBANK1     00A8
btemp                          (abs)        007E
check_mensajes@i               cstackBANK0  006C
check_mensajes@i_448           cstackBANK0  006D
check_mensajes@str_dinero      cstackBANK0  004C
check_mensajes@str_dinero2     cstackBANK0  005C
check_mensajes@str_dinero2_445 cstackBANK0  0064
check_mensajes@str_dinero_444  cstackBANK0  0054
check_mensajes@str_int         cstackBANK0  0044
check_mensajes@str_temperatura cstackBANK0  003E
e2accion3@color                cstackBANK0  0022
end_of_initialization          cinit        0027
enviarUSART@dato               cstackCOMMON 0070
interrupt_function             intentry     0004
intlevel0                      functab      0000
intlevel1                      functab      0000
intlevel2                      functab      0000
intlevel3                      functab      0000
intlevel4                      functab      0000
intlevel5                      functab      0000
main@dato                      cstackBANK0  006F
reset_vec                      reset_vec    0000
saved_w                        (abs)        007E
sprintf@ap                     cstackBANK0  0034
sprintf@c                      cstackBANK0  003A
sprintf@f                      cstackBANK0  002E
sprintf@flag                   cstackBANK0  0035
sprintf@prec                   cstackBANK0  0036
sprintf@sp                     cstackBANK0  0039
sprintf@val                    cstackBANK0  0037
stackhi                        (abs)        0000
stacklo                        (abs)        0000
start                          init         0012
start_initialization           cinit        0015
wtemp0                         (abs)        007E


FUNCTION INFORMATION:

 *************** function _main *****************
 Defined at:
		line 480 in file "picMaestro.c"
 Parameters:    Size  Location     Type
		None
 Auto vars:     Size  Location     Type
  dato            1   79[BANK0 ] unsigned char 
 Return value:  Size  Location     Type
                  1    wreg      void 
 Registers used:
		wreg, fsr0l, fsr0h, status,2, status,0, btemp+1, pclath, cstack
 Tracked objects:
		On entry : 
		On exit  : 
		Unchanged: 
 Data sizes:     COMMON   BANK0   BANK1   BANK3   BANK2
      Params:         0       0       0       0       0
      Locals:         0       1       0       0       0
      Temps:          0       0       0       0       0
      Totals:         0       1       0       0       0
Total ram usage:        1 bytes
 Hardware stack levels required when called:    8
 This function calls:
		_IRcontrol
		_LCD_WM
		_LCD_init
		_LCD_t8
		_check_mensajes
		_check_transmisiones
 This function is called by:
		Startup code after reset
 This function uses a non-reentrant model


 *************** function _check_transmisiones *****************
 Defined at:
		line 337 in file "picMaestro.c"
 Parameters:    Size  Location     Type
		None
 Auto vars:     Size  Location     Type
		None
 Return value:  Size  Location     Type
                  1    wreg      void 
 Registers used:
		wreg, fsr0l, fsr0h, status,2, status,0, btemp+1, pclath, cstack
 Tracked objects:
		On entry : 
		On exit  : 
		Unchanged: 
 Data sizes:     COMMON   BANK0   BANK1   BANK3   BANK2
      Params:         0       0       0       0       0
      Locals:         0       0       0       0       0
      Temps:          0       1       0       0       0
      Totals:         0       1       0       0       0
Total ram usage:        1 bytes
 Hardware stack levels used:    1
 Hardware stack levels required when called:    7
 This function calls:
		_IRcontrol
		_LCD_W
		_LCD_t8
		_check_mensajes
		_e2accion3
 This function is called by:
		_main
 This function uses a non-reentrant model


 *************** function _e2accion3 *****************
 Defined at:
		line 326 in file "picMaestro.c"
 Parameters:    Size  Location     Type
  color           1    wreg     unsigned char 
 Auto vars:     Size  Location     Type
  color           1    2[BANK0 ] unsigned char 
 Return value:  Size  Location     Type
                  1    wreg      void 
 Registers used:
		wreg, status,2, status,0
 Tracked objects:
		On entry : 
		On exit  : 
		Unchanged: 
 Data sizes:     COMMON   BANK0   BANK1   BANK3   BANK2
      Params:         0       0       0       0       0
      Locals:         0       1       0       0       0
      Temps:          0       2       0       0       0
      Totals:         0       3       0       0       0
Total ram usage:        3 bytes
 Hardware stack levels used:    1
 Hardware stack levels required when called:    3
 This function calls:
		Nothing
 This function is called by:
		_check_transmisiones
 This function uses a non-reentrant model


 *************** function _check_mensajes *****************
 Defined at:
		line 147 in file "picMaestro.c"
 Parameters:    Size  Location     Type
		None
 Auto vars:     Size  Location     Type
  str_dinero2     8   68[BANK0 ] unsigned char [8]
  str_dinero      8   52[BANK0 ] unsigned char [8]
  i               1   77[BANK0 ] unsigned char 
  str_int         8   36[BANK0 ] unsigned char [8]
  str_dinero2     8   60[BANK0 ] unsigned char [8]
  str_dinero      8   44[BANK0 ] unsigned char [8]
  i               1   76[BANK0 ] unsigned char 
  str_temperat    6   30[BANK0 ] unsigned char [6]
 Return value:  Size  Location     Type
                  1    wreg      void 
 Registers used:
		wreg, fsr0l, fsr0h, status,2, status,0, btemp+1, pclath, cstack
 Tracked objects:
		On entry : 
		On exit  : 
		Unchanged: 
 Data sizes:     COMMON   BANK0   BANK1   BANK3   BANK2
      Params:         0       0       0       0       0
      Locals:         0      48       0       0       0
      Temps:          0       3       0       0       0
      Totals:         0      51       0       0       0
Total ram usage:       51 bytes
 Hardware stack levels used:    1
 Hardware stack levels required when called:    6
 This function calls:
		_LCD_W
		_LCD_WM
		_LCD_t8
		_sprintf
 This function is called by:
		_check_transmisiones
		_main
 This function uses a non-reentrant model


 *************** function _sprintf *****************
 Defined at:
		line 492 in file "C:\Program Files (x86)\Microchip\xc8\v1.41\sources\common\doprnt.c"
 Parameters:    Size  Location     Type
  sp              1    wreg     PTR unsigned char 
		 -> check_mensajes@str_dinero2_445(8), check_mensajes@str_dinero_444(8), check_mensajes@str_int(8), check_mensajes@str_dinero2(8), 
		 -> check_mensajes@str_dinero(8), check_mensajes@str_temperatura(6), 
  f               1   14[BANK0 ] PTR const unsigned char 
		 -> STR_25(3), STR_24(3), STR_21(3), STR_19(3), 
		 -> STR_9(3), STR_8(3), STR_5(3), 
 Auto vars:     Size  Location     Type
  sp              1   25[BANK0 ] PTR unsigned char 
		 -> check_mensajes@str_dinero2_445(8), check_mensajes@str_dinero_444(8), check_mensajes@str_int(8), check_mensajes@str_dinero2(8), 
		 -> check_mensajes@str_dinero(8), check_mensajes@str_temperatura(6), 
  tmpval          4    0        struct .
  val             2   23[BANK0 ] unsigned int 
  cp              2    0        PTR const unsigned char 
  len             2    0        unsigned int 
  c               1   26[BANK0 ] char 
  prec            1   22[BANK0 ] char 
  flag            1   21[BANK0 ] unsigned char 
  ap              1   20[BANK0 ] PTR void [1]
		 -> ?_sprintf(2), 
 Return value:  Size  Location     Type
                  2   14[BANK0 ] int 
 Registers used:
		wreg, fsr0l, fsr0h, status,2, status,0, btemp+1, pclath, cstack
 Tracked objects:
		On entry : 
		On exit  : 
		Unchanged: 
 Data sizes:     COMMON   BANK0   BANK1   BANK3   BANK2
      Params:         0       3       0       0       0
      Locals:         0       7       0       0       0
      Temps:          0       3       0       0       0
      Totals:         0      13       0       0       0
Total ram usage:       13 bytes
 Hardware stack levels used:    1
 Hardware stack levels required when called:    4
 This function calls:
		___lwdiv
		___lwmod
 This function is called by:
		_check_mensajes
 This function uses a non-reentrant model


 *************** function ___lwmod *****************
 Defined at:
		line 6 in file "C:\Program Files (x86)\Microchip\xc8\v1.41\sources\common\lwmod.c"
 Parameters:    Size  Location     Type
  divisor         2    8[BANK0 ] unsigned int 
  dividend        2   10[BANK0 ] unsigned int 
 Auto vars:     Size  Location     Type
  counter         1   13[BANK0 ] unsigned char 
 Return value:  Size  Location     Type
                  2    8[BANK0 ] unsigned int 
 Registers used:
		wreg, status,2, status,0
 Tracked objects:
		On entry : 
		On exit  : 
		Unchanged: 
 Data sizes:     COMMON   BANK0   BANK1   BANK3   BANK2
      Params:         0       4       0       0       0
      Locals:         0       1       0       0       0
      Temps:          0       1       0       0       0
      Totals:         0       6       0       0       0
Total ram usage:        6 bytes
 Hardware stack levels used:    1
 Hardware stack levels required when called:    3
 This function calls:
		Nothing
 This function is called by:
		_sprintf
 This function uses a non-reentrant model


 *************** function ___lwdiv *****************
 Defined at:
		line 6 in file "C:\Program Files (x86)\Microchip\xc8\v1.41\sources\common\lwdiv.c"
 Parameters:    Size  Location     Type
  divisor         2    0[BANK0 ] unsigned int 
  dividend        2    2[BANK0 ] unsigned int 
 Auto vars:     Size  Location     Type
  quotient        2    5[BANK0 ] unsigned int 
  counter         1    7[BANK0 ] unsigned char 
 Return value:  Size  Location     Type
                  2    0[BANK0 ] unsigned int 
 Registers used:
		wreg, status,2, status,0
 Tracked objects:
		On entry : 
		On exit  : 
		Unchanged: 
 Data sizes:     COMMON   BANK0   BANK1   BANK3   BANK2
      Params:         0       4       0       0       0
      Locals:         0       3       0       0       0
      Temps:          0       1       0       0       0
      Totals:         0       8       0       0       0
Total ram usage:        8 bytes
 Hardware stack levels used:    1
 Hardware stack levels required when called:    3
 This function calls:
		Nothing
 This function is called by:
		_sprintf
 This function uses a non-reentrant model


 *************** function _LCD_WM *****************
 Defined at:
		line 88 in file "picMaestro.c"
 Parameters:    Size  Location     Type
  c               2    7[BANK0 ] PTR unsigned char 
		 -> STR_27(7), STR_26(14), check_mensajes@str_dinero2_445(8), STR_23(5), 
		 -> STR_22(17), STR_20(9), check_mensajes@str_int(8), STR_18(10), 
		 -> STR_17(17), STR_16(14), STR_15(17), STR_14(17), 
		 -> STR_13(8), STR_12(10), STR_11(8), STR_10(17), 
		 -> check_mensajes@str_dinero2(8), STR_7(5), STR_6(8), check_mensajes@str_temperatura(6), 
		 -> STR_4(5), STR_3(13), STR_2(15), STR_1(16), 
 Auto vars:     Size  Location     Type
  i               1   10[BANK0 ] unsigned char 
 Return value:  Size  Location     Type
                  1    wreg      void 
 Registers used:
		wreg, fsr0l, fsr0h, status,2, status,0, btemp+1, pclath, cstack
 Tracked objects:
		On entry : 
		On exit  : 
		Unchanged: 
 Data sizes:     COMMON   BANK0   BANK1   BANK3   BANK2
      Params:         0       2       0       0       0
      Locals:         0       1       0       0       0
      Temps:          0       1       0       0       0
      Totals:         0       4       0       0       0
Total ram usage:        4 bytes
 Hardware stack levels used:    1
 Hardware stack levels required when called:    5
 This function calls:
		_LCD_W
 This function is called by:
		_check_mensajes
		_main
 This function uses a non-reentrant model


 *************** function _LCD_W *****************
 Defined at:
		line 74 in file "picMaestro.c"
 Parameters:    Size  Location     Type
  c               1    wreg     unsigned char 
 Auto vars:     Size  Location     Type
  c               1    6[BANK0 ] unsigned char 
  h               1    5[BANK0 ] unsigned char 
  l               1    4[BANK0 ] unsigned char 
 Return value:  Size  Location     Type
                  1    wreg      void 
 Registers used:
		wreg, status,2, status,0, pclath, cstack
 Tracked objects:
		On entry : 
		On exit  : 
		Unchanged: 
 Data sizes:     COMMON   BANK0   BANK1   BANK3   BANK2
      Params:         0       0       0       0       0
      Locals:         0       3       0       0       0
      Temps:          0       2       0       0       0
      Totals:         0       5       0       0       0
Total ram usage:        5 bytes
 Hardware stack levels used:    1
 Hardware stack levels required when called:    4
 This function calls:
		_LCD_t
 This function is called by:
		_LCD_WM
		_check_mensajes
		_check_transmisiones
 This function uses a non-reentrant model


 *************** function _IRcontrol *****************
 Defined at:
		line 133 in file "picMaestro.c"
 Parameters:    Size  Location     Type
		None
 Auto vars:     Size  Location     Type
		None
 Return value:  Size  Location     Type
                  1    wreg      void 
 Registers used:
		wreg, status,2
 Tracked objects:
		On entry : 
		On exit  : 
		Unchanged: 
 Data sizes:     COMMON   BANK0   BANK1   BANK3   BANK2
      Params:         0       0       0       0       0
      Locals:         0       0       0       0       0
      Temps:          0       3       0       0       0
      Totals:         0       3       0       0       0
Total ram usage:        3 bytes
 Hardware stack levels used:    1
 Hardware stack levels required when called:    3
 This function calls:
		Nothing
 This function is called by:
		_check_transmisiones
		_main
 This function uses a non-reentrant model


 *************** function _LCD_init *****************
 Defined at:
		line 98 in file "picMaestro.c"
 Parameters:    Size  Location     Type
		None
 Auto vars:     Size  Location     Type
		None
 Return value:  Size  Location     Type
                  1    wreg      void 
 Registers used:
		wreg, status,2, status,0, btemp+1, pclath, cstack
 Tracked objects:
		On entry : 
		On exit  : 
		Unchanged: 
 Data sizes:     COMMON   BANK0   BANK1   BANK3   BANK2
      Params:         0       0       0       0       0
      Locals:         0       0       0       0       0
      Temps:          0       2       0       0       0
      Totals:         0       2       0       0       0
Total ram usage:        2 bytes
 Hardware stack levels used:    1
 Hardware stack levels required when called:    5
 This function calls:
		_LCD_t
		_LCD_t8
 This function is called by:
		_main
 This function uses a non-reentrant model


 *************** function _LCD_t8 *****************
 Defined at:
		line 58 in file "picMaestro.c"
 Parameters:    Size  Location     Type
  i               2    2[BANK0 ] int 
 Auto vars:     Size  Location     Type
  com             1   10[BANK0 ] unsigned char 
  rs              1    9[BANK0 ] unsigned char 
  h               1    8[BANK0 ] unsigned char 
  l               1    7[BANK0 ] unsigned char 
 Return value:  Size  Location     Type
                  1    wreg      void 
 Registers used:
		wreg, status,2, status,0, btemp+1, pclath, cstack
 Tracked objects:
		On entry : 
		On exit  : 
		Unchanged: 
 Data sizes:     COMMON   BANK0   BANK1   BANK3   BANK2
      Params:         0       2       0       0       0
      Locals:         0       4       0       0       0
      Temps:          0       3       0       0       0
      Totals:         0       9       0       0       0
Total ram usage:        9 bytes
 Hardware stack levels used:    1
 Hardware stack levels required when called:    4
 This function calls:
		_LCD_t
 This function is called by:
		_LCD_init
		_check_mensajes
		_check_transmisiones
		_main
 This function uses a non-reentrant model


 *************** function _LCD_t *****************
 Defined at:
		line 46 in file "picMaestro.c"
 Parameters:    Size  Location     Type
  c               1    wreg     unsigned char 
 Auto vars:     Size  Location     Type
  c               1    1[BANK0 ] unsigned char 
 Return value:  Size  Location     Type
                  1    wreg      void 
 Registers used:
		wreg, status,2
 Tracked objects:
		On entry : 
		On exit  : 
		Unchanged: 
 Data sizes:     COMMON   BANK0   BANK1   BANK3   BANK2
      Params:         0       0       0       0       0
      Locals:         0       1       0       0       0
      Temps:          0       1       0       0       0
      Totals:         0       2       0       0       0
Total ram usage:        2 bytes
 Hardware stack levels used:    1
 Hardware stack levels required when called:    3
 This function calls:
		Nothing
 This function is called by:
		_LCD_t8
		_LCD_W
		_LCD_init
 This function uses a non-reentrant model


 *************** function _ISR *****************
 Defined at:
		line 423 in file "picMaestro.c"
 Parameters:    Size  Location     Type
		None
 Auto vars:     Size  Location     Type
		None
 Return value:  Size  Location     Type
                  1    wreg      void 
 Registers used:
		wreg, status,2, status,0, btemp+1, pclath, cstack
 Tracked objects:
		On entry : 
		On exit  : 
		Unchanged: 
 Data sizes:     COMMON   BANK0   BANK1   BANK3   BANK2
      Params:         0       0       0       0       0
      Locals:         0       0       0       0       0
      Temps:          7       0       0       0       0
      Totals:         7       0       0       0       0
Total ram usage:        7 bytes
 Hardware stack levels used:    1
 Hardware stack levels required when called:    2
 This function calls:
		_enviarDATA_USART
 This function is called by:
		Interrupt level 1
 This function uses a non-reentrant model


 *************** function _enviarDATA_USART *****************
 Defined at:
		line 313 in file "picMaestro.c"
 Parameters:    Size  Location     Type
		None
 Auto vars:     Size  Location     Type
		None
 Return value:  Size  Location     Type
                  1    wreg      void 
 Registers used:
		wreg, status,2, status,0, pclath, cstack
 Tracked objects:
		On entry : 
		On exit  : 
		Unchanged: 
 Data sizes:     COMMON   BANK0   BANK1   BANK3   BANK2
      Params:         0       0       0       0       0
      Locals:         0       0       0       0       0
      Temps:          0       0       0       0       0
      Totals:         0       0       0       0       0
Total ram usage:        0 bytes
 Hardware stack levels used:    1
 Hardware stack levels required when called:    1
 This function calls:
		_enviarUSART
 This function is called by:
		_ISR
 This function uses a non-reentrant model


 *************** function _enviarUSART *****************
 Defined at:
		line 307 in file "picMaestro.c"
 Parameters:    Size  Location     Type
  dato            1    wreg     unsigned char 
 Auto vars:     Size  Location     Type
  dato            1    0[COMMON] unsigned char 
 Return value:  Size  Location     Type
                  1    wreg      void 
 Registers used:
		wreg
 Tracked objects:
		On entry : 
		On exit  : 
		Unchanged: 
 Data sizes:     COMMON   BANK0   BANK1   BANK3   BANK2
      Params:         0       0       0       0       0
      Locals:         1       0       0       0       0
      Temps:          0       0       0       0       0
      Totals:         1       0       0       0       0
Total ram usage:        1 bytes
 Hardware stack levels used:    1
 This function calls:
		Nothing
 This function is called by:
		_enviarDATA_USART
 This function uses a non-reentrant model



MODULE INFORMATION

Module		Function		Class		Link	Load	Size
C:\Program Files (x86)\Microchip\xc8\v1.41\sources\common\lwdiv.c
		___lwdiv       		CODE           	0E0F	0000	63

C:\Program Files (x86)\Microchip\xc8\v1.41\sources\common\lwdiv.c estimated size: 63

C:\Program Files (x86)\Microchip\xc8\v1.41\sources\common\doprnt.c
		_sprintf       		CODE           	0F2A	0000	215

C:\Program Files (x86)\Microchip\xc8\v1.41\sources\common\doprnt.c estimated size: 215

shared
		__stringtab    		STRING         	0600	0000	17
		_dpowers       		STRING         	0610	0000	11
		__initialization		CODE           	0015	0000	19

shared estimated size: 47

C:\Program Files (x86)\Microchip\xc8\v1.41\sources\common\lwmod.c
		___lwmod       		CODE           	0DA4	0000	53

C:\Program Files (x86)\Microchip\xc8\v1.41\sources\common\lwmod.c estimated size: 53

picMaestro.c
		_enviarUSART   		CODE           	07E6	0000	11
		_ISR           		CODE           	06FB	0000	236
		_enviarDATA_USART		CODE           	0DD8	0000	56
		_main          		CODE           	0E9B	0000	144
		_LCD_t         		CODE           	0D2C	0000	35
		_LCD_W         		CODE           	0D78	0000	45
		_e2accion3     		CODE           	0CEF	0000	29
		_LCD_init      		CODE           	0538	0000	180
		_check_transmisiones		CODE           	0434	0000	261
		_check_mensajes		CODE           	002B	0000	1034
		_LCD_t8        		CODE           	0E4D	0000	79
		_IRcontrol     		CODE           	0D0B	0000	34
		_LCD_WM        		CODE           	0D4E	0000	43

picMaestro.c estimated size: 2187

